// Vitest Snapshot v1, https://vitest.dev/guide/snapshot.html

exports[`buildLucideSvg > should match the snapshot 1`] = `
<svg xmlns="http://www.w3.org/2000/svg"
     width="24"
     height="24"
     viewbox="0 0 24 24"
     fill="none"
     stroke="currentColor"
     stroke-width="2"
     stroke-linecap="round"
     stroke-linejoin="round"
     class="lucide lucide-house"
>
  <path d="M15 21v-8a1 1 0 0 0-1-1h-4a1 1 0 0 0-1 1v8"
        key="5wwlr5"
  >
  </path>
  <path d="M3 10a2 2 0 0 1 .709-1.528l7-5.999a2 2 0 0 1 2.582 0l7 5.999A2 2 0 0 1 21 10v9a2 2 0 0 1-2 2H5a2 2 0 0 1-2-2z"
        key="1d0kgt"
  >
  </path>
</svg>
`;

exports[`buildLucideSvgDataUri > should match the snapshot 1`] = `"data:image/svg+xml;base64,PHN2ZyB4bWxucz0iaHR0cDovL3d3dy53My5vcmcvMjAwMC9zdmciIHdpZHRoPSIyNCIgaGVpZ2h0PSIyNCIgdmlld0JveD0iMCAwIDI0IDI0IiBmaWxsPSJub25lIiBzdHJva2U9ImN1cnJlbnRDb2xvciIgc3Ryb2tlLXdpZHRoPSIyIiBzdHJva2UtbGluZWNhcD0icm91bmQiIHN0cm9rZS1saW5lam9pbj0icm91bmQiIGNsYXNzPSJsdWNpZGUgbHVjaWRlLWhvdXNlIj48cGF0aCBkPSJNMTUgMjF2LThhMSAxIDAgMCAwLTEtMWgtNGExIDEgMCAwIDAtMSAxdjgiIGtleT0iNXd3bHI1Ij48L3BhdGg+PHBhdGggZD0iTTMgMTBhMiAyIDAgMCAxIC43MDktMS41MjhsNy01Ljk5OWEyIDIgMCAwIDEgMi41ODIgMGw3IDUuOTk5QTIgMiAwIDAgMSAyMSAxMHY5YTIgMiAwIDAgMS0yIDJINWEyIDIgMCAwIDEtMi0yeiIga2V5PSIxZDBrZ3QiPjwvcGF0aD48L3N2Zz4="`;
