// Vitest Snapshot v1, https://vitest.dev/guide/snapshot.html

exports[`buildLucideIconNode > should match the snapshot 1`] = `"{"xmlns":"http://www.w3.org/2000/svg","width":"24","height":"24","viewBox":"0 0 24 24","fill":"none","stroke":"currentColor","stroke-width":"2","stroke-linecap":"round","stroke-linejoin":"round","class":"lucide lucide-house"}"`;
